processed_data/onion_processed.csv
State Name,District Name,Market Name,Variety,Group,Arrivals (Tonnes),Min Price (Rs./Quintal),Max Price (Rs./Quintal),Modal Price (Rs./Quintal),Reported Date,Days,Price Range,Demand Indicator,Rolling_Modal_Price,Lag_1_Month,Lag_2_Months,Price_Change_Rate
Maharashtra, Pune, Pune, Local, Vegetables,1185.9,2500,6500,4500,2024-12-15,348,4000,0.2634747833814708,2178.3333333333335,1300.0,3600.0,2.6
Maharashtra, Pune, Pune, Local, Vegetables,1936.0,1500,7000,4250,2024-06-28,178,5500,0.4554222535873912,2206.6666666666665,3400.0,900.0,-0.05555555555555558
Maharashtra, Pune, Pune, Local, Vegetables,1056.3,1000,3000,2000,2024-08-28,239,2000,0.5278860569715143,2206.6666666666665,2000.0,2100.0,-0.5294117647058824
Maharashtra, Pune, Pune, Local, Vegetables,790.7,2400,4000,3200,2024-12-05,338,1600,0.2470165573258357,2246.6666666666665,2000.0,4750.0,0.6000000000000001
Maharashtra, Pune, Pune, Local, Vegetables,1111.3,2300,6500,4400,2024-11-27,330,4200,0.2525107930015905,2353.3333333333335,1200.0,4500.0,0.375
Maharashtra, Pune, Pune, Local, Vegetables,1773.2,1500,3000,2250,2025-02-18,413,1500,0.7877387827632164,2336.6666666666665,2750.0,4500.0,-0.48863636363636365
Maharashtra, Pune, Pune, Local, Vegetables,1139.2,2600,4000,3300,2024-12-17,350,1400,0.34510754316873676,2301.6666666666665,4350.0,1400.0,0.46666666666666656
Maharashtra, Pune, Pune, Local, Vegetables,1621.3,1500,2900,2200,2024-01-07,5,1400,0.7366197183098592,2305.0,2100.0,4750.0,-0.33333333333333337
Maharashtra, Pune, Pune, Local, Vegetables,1354.5,1500,3200,2350,2025-12-12,710,1700,0.5761378136962995,2343.3333333333335,1200.0,2000.0,0.06818181818181812
Maharashtra, Pune, Pune, Local, Vegetables,1306.8,2000,7500,4750,2024-12-18,351,5500,0.27505788255104185,2468.3333333333335,1000.0,3600.0,1.021276595744681
Maharashtra, Pune, Pune, Local, Vegetables,1413.5,1600,3000,2300,2024-04-28,117,1400,0.6142981312472838,2411.6666666666665,4000.0,3900.0,-0.5157894736842106
Maharashtra, Pune, Pune, Local, Vegetables,1381.8,600,1600,1100,2024-02-17,46,1000,1.255040871934605,2408.3333333333335,1200.0,1350.0,-0.5217391304347826
Maharashtra, Pune, Pune, Local, Vegetables,1341.2,1600,3200,2400,2025-08-04,580,1600,0.5586005830903791,2343.3333333333335,4350.0,2200.0,1.1818181818181817
Maharashtra, Pune, Pune, Local, Vegetables,909.3,1400,3000,2200,2024-10-27,299,1600,0.41313039527487505,2345.0,2150.0,4500.0,-0.08333333333333337
Maharashtra, Pune, Pune, Local, Vegetables,1578.2,1500,4800,3150,2024-12-25,358,3300,0.5008568708346557,2383.3333333333335,2000.0,3500.0,0.4318181818181819
Maharashtra, Pune, Pune, Local, Vegetables,914.2,1600,3200,2400,2024-04-03,92,1600,0.3807580174927114,2420.0,1300.0,2200.0,-0.23809523809523814
Maharashtra, Pune, Pune, Local, Vegetables,1330.6,600,1600,1100,2024-08-13,224,1000,1.2085376930063578,2413.3333333333335,1300.0,1200.0,-0.5416666666666667
Maharashtra, Pune, Pune, Local, Vegetables,1278.3,1800,3500,2650,2024-06-07,157,1700,0.4821953979630328,2431.6666666666665,2100.0,1100.0,1.4090909090909092
Maharashtra, Pune, Pune, Local, Vegetables,913.6,800,2700,1750,2024-07-25,205,1900,0.5217589948600799,2426.6666666666665,1900.0,4300.0,-0.339622641509434
Maharashtra, Pune, Pune, Local, Vegetables,672.0,1200,3000,2100,2024-08-29,240,1800,0.31984769157544024,2456.6666666666665,1200.0,3650.0,0.19999999999999996
Maharashtra, Pune, Pune, Local, Vegetables,981.1,2500,4100,3300,2024-06-10,160,1600,0.2972129657679491,2500.0,2000.0,4000.0,0.5714285714285714
Maharashtra, Pune, Pune, Local, Vegetables,1129.3,900,3100,2000,2024-12-22,355,2200,0.564367816091954,2486.6666666666665,2400.0,4500.0,-0.3939393939393939
Maharashtra, Pune, Pune, Local, Vegetables,1835.5,1400,2800,2100,2024-10-06,278,1400,0.8736316039980961,2523.3333333333335,1000.0,2550.0,0.050000000000000044
Maharashtra, Pune, Pune, Local, Vegetables,1659.9,2200,4600,3400,2024-01-27,25,2400,0.4880623346074684,2600.0,1100.0,3500.0,0.6190476190476191
Maharashtra, Pune, Pune, Local, Vegetables,1582.3,1400,3000,2200,2025-08-11,587,1600,0.7189004997728305,2531.6666666666665,4250.0,2050.0,-0.3529411764705882
Maharashtra, Pune, Pune, Local, Vegetables,1271.8,1800,3500,2650,2024-05-26,145,1700,0.4797434930215013,2541.6666666666665,2350.0,3400.0,0.20454545454545459
Maharashtra, Pune, Pune, Local, Vegetables,1269.7,700,2100,1400,2024-12-27,360,1400,0.9062812276945039,2508.3333333333335,2400.0,4250.0,-0.4716981132075472
Maharashtra, Pune, Pune, Local, Vegetables,1532.9,1600,3200,2400,2024-06-25,175,1600,0.638442315701791,2548.3333333333335,1200.0,1600.0,0.7142857142857142
Maharashtra, Pune, Pune, Local, Vegetables,969.0,1000,3100,2050,2024-07-23,203,2100,0.47245246221355436,2570.0,1400.0,1900.0,-0.14583333333333337
Maharashtra, Pune, Pune, Local, Vegetables,1175.2,1200,3000,2100,2024-11-14,317,1800,0.5593526891956212,2598.3333333333335,1250.0,1100.0,0.024390243902439046
Maharashtra, Pune, Pune, Local, Vegetables,941.3,2000,6100,4050,2024-11-22,325,4100,0.23236237965934337,2583.3333333333335,4500.0,1300.0,0.9285714285714286
Maharashtra, Pune, Pune, Local, Vegetables,953.3,2500,6500,4500,2024-04-07,96,4000,0.21179737836036436,2591.6666666666665,4250.0,3400.0,0.11111111111111116
Maharashtra, Pune, Pune, Local, Vegetables,1912.6,600,1600,1100,2024-06-27,177,1000,1.737148047229791,2561.6666666666665,2000.0,2000.0,-0.7555555555555555
Maharashtra, Pune, Pune, Local, Vegetables,828.2,1000,3000,2000,2024-07-08,188,2000,0.4138930534732634,2521.6666666666665,3200.0,2000.0,0.8181818181818181
Maharashtra, Pune, Pune, Local, Vegetables,712.3,1000,3100,2050,2024-09-19,261,2100,0.34729400292540225,2443.3333333333335,4400.0,1200.0,0.02499999999999991
Maharashtra, Pune, Pune, Local, Vegetables,777.2,3200,4800,4000,2024-07-04,184,1600,0.19425143714071483,2501.6666666666665,2250.0,2750.0,0.9512195121951219
Maharashtra, Pune, Pune, Local, Vegetables,1143.3,1200,3200,2200,2024-10-28,300,2000,0.5194457064970468,2465.0,3300.0,4350.0,-0.44999999999999996
Maharashtra, Pune, Pune, Local, Vegetables,1432.4,2000,5000,3500,2024-08-02,213,3000,0.40914024564410173,2508.3333333333335,2200.0,2100.0,0.5909090909090908
Maharashtra, Pune, Pune, Local, Vegetables,1126.4,1400,3000,2200,2024-08-25,236,1600,0.5117673784643344,2503.3333333333335,2350.0,1200.0,-0.37142857142857144
Maharashtra, Pune, Pune, Local, Vegetables,1589.6,2400,4000,3200,2024-10-09,281,1600,0.4965948141205873,2451.6666666666665,4750.0,1000.0,0.4545454545454546
Maharashtra, Pune, Pune, Local, Vegetables,1022.5,2000,4400,3200,2024-12-30,363,2400,0.31943142767885035,2481.6666666666665,2300.0,4000.0,0.0
Maharashtra, Pune, Pune, Local, Vegetables,1142.2,1500,3300,2400,2024-05-15,134,1800,0.4757184506455644,2525.0,1100.0,1200.0,-0.25
Maharashtra, Pune, Pune, Local, Vegetables,1142.2,1500,3300,2400,2024-05-15,134,1800,0.4757184506455644,2525.0,2400.0,4350.0,0.0
Maharashtra, Pune, Pune, Local, Vegetables,1038.3,600,2000,1300,2024-06-19,169,1400,0.7980784012298232,2495.0,2200.0,2150.0,-0.45833333333333337
Maharashtra, Pune, Pune, Local, Vegetables,839.4,1000,3000,2000,2024-01-14,12,2000,0.4194902548725637,2456.6666666666665,3150.0,2000.0,0.5384615384615385
Maharashtra, Pune, Pune, Local, Vegetables,530.0,1500,2600,2050,2025-07-18,563,1100,0.25841053144807413,2445.0,2400.0,1300.0,0.02499999999999991
Maharashtra, Pune, Pune, Local, Vegetables,751.5,1200,3000,2100,2024-03-29,87,1800,0.35768681580199907,2478.3333333333335,1100.0,1300.0,0.024390243902439046
Maharashtra, Pune, Pune, Local, Vegetables,2101.6,500,1700,1100,2024-03-08,66,1200,1.9088101725703905,2426.6666666666665,2650.0,2100.0,-0.47619047619047616
Maharashtra, Pune, Pune, Local, Vegetables,1718.2,600,1800,1200,2024-03-22,80,1200,1.4306411323896753,2408.3333333333335,1750.0,1900.0,0.09090909090909083
Maharashtra, Pune, Pune, Local, Vegetables,1304.4,500,1500,1000,2024-09-22,264,1000,1.3030969030969033,2371.6666666666665,2100.0,1200.0,-0.16666666666666663
Maharashtra, Pune, Pune, Local, Vegetables,1128.4,3500,4900,4200,2024-01-02,0,1400,0.26860271363960964,2401.6666666666665,3300.0,2000.0,3.2
Maharashtra, Pune, Pune, Local, Vegetables,1052.3,1800,3700,2750,2025-03-17,440,1900,0.38251544892766265,2426.6666666666665,2000.0,2400.0,-0.34523809523809523
Maharashtra, Pune, Pune, Local, Vegetables,2454.4,400,1600,1000,2024-02-27,56,1200,2.451948051948052,2390.0,2100.0,1000.0,-0.6363636363636364
Maharashtra, Pune, Pune, Local, Vegetables,2626.0,700,2100,1400,2024-03-06,64,1400,1.8743754461099216,2323.3333333333335,3400.0,1100.0,0.3999999999999999
Maharashtra, Pune, Pune, Local, Vegetables,1594.5,600,1800,1200,2024-12-07,340,1200,1.3276436303080765,2290.0,2200.0,4250.0,-0.1428571428571429
Maharashtra, Pune, Pune, Local, Vegetables,985.7,2200,4500,3350,2024-10-10,282,2300,0.29415099970158165,2313.3333333333335,2650.0,2350.0,1.7916666666666665
Maharashtra, Pune, Pune, Local, Vegetables,849.9,3000,4500,3750,2024-09-08,250,1500,0.22657957877899226,2391.6666666666665,1400.0,2400.0,0.11940298507462677
Maharashtra, Pune, Pune, Local, Vegetables,951.5,1200,3100,2150,2024-07-14,194,1900,0.4423523942352394,2383.3333333333335,2400.0,1200.0,-0.42666666666666664
Maharashtra, Pune, Pune, Local, Vegetables,251.3,1000,3000,2000,2024-07-01,181,2000,0.1255872063968016,2381.6666666666665,2050.0,1400.0,-0.06976744186046513
Maharashtra, Pune, Pune, Local, Vegetables,1139.7,1200,3000,2100,2024-07-30,210,1800,0.5424559733460257,2381.6666666666665,2100.0,1250.0,0.050000000000000044
Maharashtra, Pune, Pune, Local, Vegetables,839.6,900,2500,1700,2024-05-30,149,1600,0.4935920047031158,2303.3333333333335,4050.0,4500.0,-0.19047619047619047
Maharashtra, Pune, Pune, Local, Vegetables,1007.9,1500,2600,2050,2024-02-26,55,1100,0.49141882008776205,2221.6666666666665,4500.0,4250.0,0.2058823529411764
Maharashtra, Pune, Pune, Local, Vegetables,1466.7,500,1500,1000,2025-04-21,475,1000,1.4652347652347653,2218.3333333333335,1100.0,2000.0,-0.5121951219512195
Maharashtra, Pune, Pune, Local, Vegetables,1345.6,1500,3300,2400,2024-01-19,17,1800,0.5604331528529779,2231.6666666666665,2000.0,3200.0,1.4
Maharashtra, Pune, Pune, Local, Vegetables,1078.6,2000,6300,4150,2025-11-12,680,4300,0.25984100216815226,2301.6666666666665,2050.0,4400.0,0.7291666666666667
Maharashtra, Pune, Pune, Local, Vegetables,1105.5,1500,4500,3000,2024-10-11,283,3000,0.3683772075974675,2268.3333333333335,4000.0,2250.0,-0.27710843373493976
Maharashtra, Pune, Pune, Local, Vegetables,1105.5,1500,4500,3000,2024-06-30,180,3000,0.3683772075974675,2295.0,2200.0,3300.0,0.0
Maharashtra, Pune, Pune, Local, Vegetables,851.5,1000,3000,2000,2024-04-25,114,2000,0.4255372313843078,2245.0,3500.0,2200.0,-0.33333333333333337
Maharashtra, Pune, Pune, Local, Vegetables,984.4,600,1600,1100,2024-06-17,167,1000,0.8940962761126249,2208.3333333333335,2200.0,2350.0,-0.44999999999999996
Maharashtra, Pune, Pune, Local, Vegetables,513.5,1000,3100,2050,2024-10-03,275,2100,0.25036567528035103,2170.0,3200.0,4750.0,0.8636363636363635
Maharashtra, Pune, Pune, Local, Vegetables,624.4,2000,4400,3200,2024-04-02,91,2400,0.1950640424867229,2170.0,3200.0,2300.0,0.5609756097560976
Maharashtra, Pune, Pune, Local, Vegetables,1390.0,500,1700,1100,2024-07-19,199,1200,1.262488646684832,2126.6666666666665,2400.0,1100.0,-0.65625
Maharashtra, Pune, Pune, Local, Vegetables,970.1,1300,3100,2200,2024-05-24,143,1800,0.44075420263516585,2120.0,2400.0,2400.0,1.0
Maharashtra, Pune, Pune, Local, Vegetables,983.9,800,2200,1500,2024-07-10,190,1400,0.6554963357761492,2126.6666666666665,1300.0,2200.0,-0.31818181818181823
Maharashtra, Pune, Pune, Local, Vegetables,692.1,1200,3200,2200,2024-10-25,297,2000,0.31444797819173104,2133.3333333333335,2000.0,3150.0,0.46666666666666656
Maharashtra, Pune, Pune, Local, Vegetables,1370.4,1800,5000,3400,2024-03-11,69,3200,0.40294031167303734,2178.3333333333335,2050.0,2400.0,0.5454545454545454
Maharashtra, Pune, Pune, Local, Vegetables,1892.3,700,1900,1300,2024-05-21,140,1200,1.4544965411222137,2151.6666666666665,2100.0,1100.0,-0.6176470588235294
Maharashtra, Pune, Pune, Local, Vegetables,1084.4,600,2000,1300,2024-04-26,115,1400,0.8335126825518833,2158.3333333333335,1100.0,2650.0,0.0
Maharashtra, Pune, Pune, Local, Vegetables,1263.2,500,1500,1000,2024-06-09,159,1000,1.261938061938062,2151.6666666666665,1200.0,1750.0,-0.23076923076923073
Maharashtra, Pune, Pune, Local, Vegetables,1475.1,1000,3200,2100,2024-07-28,208,2200,0.7020942408376963,2188.3333333333335,1000.0,2100.0,1.1
Maharashtra, Pune, Pune, Local, Vegetables,1270.5,1200,3000,2100,2024-08-21,232,1800,0.6047120418848168,2118.3333333333335,4200.0,3300.0,0.0
Maharashtra, Pune, Pune, Local, Vegetables,688.5,2000,3800,2900,2024-09-13,255,1800,0.23733195449844882,2123.3333333333335,2750.0,2000.0,0.38095238095238093
Maharashtra, Pune, Pune, Local, Vegetables,655.4,3000,4300,3650,2024-10-07,279,1300,0.1795124623390852,2211.6666666666665,1000.0,2100.0,0.2586206896551724
Maharashtra, Pune, Pune, Local, Vegetables,1028.1,2500,4500,3500,2024-04-05,94,2000,0.29365895458440444,2281.6666666666665,1400.0,3400.0,-0.04109589041095896
Maharashtra, Pune, Pune, Local, Vegetables,1579.1,600,1600,1100,2024-06-11,161,1000,1.4342415985467756,2278.3333333333335,1200.0,2200.0,-0.6857142857142857
Maharashtra, Pune, Pune, Local, Vegetables,1500.0,1000,3000,2000,2024-10-22,294,2000,0.7496251874062968,2233.3333333333335,3350.0,2650.0,0.8181818181818181
Maharashtra, Pune, Pune, Local, Vegetables,951.0,2400,5000,3700,2024-12-05,338,2600,0.25695757903269384,2231.6666666666665,3750.0,1400.0,0.8500000000000001
Maharashtra, Pune, Pune, Local, Vegetables,1149.4,2500,7000,4750,2024-09-29,271,4500,0.2419280151547043,2318.3333333333335,2150.0,2400.0,0.28378378378378377
Maharashtra, Pune, Pune, Local, Vegetables,1450.2,2000,4200,3100,2024-11-21,324,2200,0.46765559496936476,2355.0,2000.0,2050.0,-0.34736842105263155
Maharashtra, Pune, Pune, Local, Vegetables,775.6,2500,6500,4500,2024-01-05,3,4000,0.17231726283048213,2435.0,2100.0,2100.0,0.4516129032258065
Maharashtra, Pune, Pune, Local, Vegetables,1998.8,1500,3300,2400,2025-02-25,420,1800,0.8324864639733445,2458.3333333333335,1700.0,4050.0,-0.4666666666666667
Maharashtra, Pune, Pune, Local, Vegetables,1526.4,1400,2600,2000,2025-11-01,669,1200,0.7628185907046477,2456.6666666666665,2050.0,4500.0,-0.16666666666666663
Maharashtra, Pune, Pune, Local, Vegetables,536.8,1800,5100,3450,2024-01-20,18,3300,0.1555491161982034,2538.3333333333335,1000.0,1100.0,0.7250000000000001
Maharashtra, Pune, Pune, Local, Vegetables,1251.9,1600,3200,2400,2025-08-12,588,1600,0.5214077467721783,2538.3333333333335,2400.0,2000.0,-0.30434782608695654
Maharashtra, Pune, Pune, Local, Vegetables,1384.9,1800,3500,2650,2024-08-08,219,1700,0.5224066390041494,2488.3333333333335,4150.0,2050.0,0.10416666666666674
Maharashtra, Pune, Pune, Local, Vegetables,1037.9,1500,3100,2300,2024-12-16,349,1600,0.451064754454585,2465.0,3000.0,4000.0,-0.13207547169811318
Maharashtra, Pune, Pune, Local, Vegetables,1355.4,1600,6000,3600,2024-04-19,108,4400,0.37639544570952516,2485.0,3000.0,2200.0,0.5652173913043479
Maharashtra, Pune, Pune, Local, Vegetables,1273.0,500,1500,1000,2024-02-05,34,1000,1.2717282717282716,2451.6666666666665,2000.0,3500.0,-0.7222222222222222
Maharashtra, Pune, Pune, Local, Vegetables,1045.6,1500,2700,2100,2025-10-30,667,1200,0.497667777248929,2485.0,1100.0,2200.0,1.1
Maharashtra, Pune, Pune, Local, Vegetables,892.2,1600,5000,3300,2024-12-19,352,3400,0.2702817328082399,2526.6666666666665,2050.0,3200.0,0.5714285714285714
Maharashtra, Pune, Pune, Local, Vegetables,1475.3,1600,3200,2400,2024-05-12,131,1600,0.6144523115368596,2500.0,3200.0,3200.0,-0.2727272727272727
Maharashtra, Pune, Pune, Local, Vegetables,1323.9,600,1800,1200,2024-07-31,211,1200,1.1023313905079102,2503.3333333333335,1100.0,2400.0,-0.5
Maharashtra, Pune, Pune, Local, Vegetables,816.5,1400,3000,2200,2024-07-05,185,1600,0.3709677419354839,2503.3333333333335,2200.0,2400.0,0.8333333333333333
Maharashtra, Pune, Pune, Local, Vegetables,1212.1,1200,3200,2200,2024-11-03,306,2000,0.5507042253521126,2526.6666666666665,1500.0,1300.0,0.0
Maharashtra, Pune, Pune, Local, Vegetables,54.0,1500,5400,3450,2024-09-24,266,3900,0.015647638365691104,2568.3333333333335,2200.0,2000.0,0.5681818181818181
Maharashtra, Pune, Pune, Local, Vegetables,1024.3,3000,4800,3900,2024-04-22,111,1800,0.2625736990515252,2585.0,3400.0,2050.0,0.13043478260869557
Maharashtra, Pune, Pune, Local, Vegetables,1125.0,500,1500,1000,2024-09-26,268,1000,1.123876123876124,2575.0,1300.0,2100.0,-0.7435897435897436
Maharashtra, Pune, Pune, Local, Vegetables,715.9,3500,4800,4150,2024-05-02,121,1300,0.17246446639364008,2670.0,1300.0,1100.0,3.1500000000000004
Maharashtra, Pune, Pune, Local, Vegetables,1194.7,600,1800,1200,2024-05-06,125,1200,0.9947543713572023,2676.6666666666665,1000.0,1200.0,-0.7108433734939759
Maharashtra, Pune, Pune, Local, Vegetables,1636.3,800,2200,1500,2024-09-30,272,1400,1.0901399067288473,2656.6666666666665,2100.0,1000.0,0.25
Maharashtra, Pune, Pune, Local, Vegetables,716.0,2000,4200,3100,2024-01-12,10,2200,0.23089326023863269,2690.0,2100.0,4200.0,1.0666666666666669
Maharashtra, Pune, Pune, Local, Vegetables,1607.1,1400,2500,2050,2025-03-31,454,1100,0.7835689907362262,2661.6666666666665,2900.0,2750.0,-0.33870967741935487
Maharashtra, Pune, Pune, Local, Vegetables,1944.0,400,1600,1000,2024-04-14,103,1200,1.942057942057942,2573.3333333333335,3650.0,1000.0,-0.5121951219512195
Maharashtra, Pune, Pune, Local, Vegetables,1786.1,500,1500,1000,2024-08-05,216,1000,1.7843156843156842,2490.0,3500.0,1400.0,0.0
Maharashtra, Pune, Pune, Local, Vegetables,397.7,1400,3000,2200,2024-09-05,247,1600,0.18069059518400726,2526.6666666666665,1100.0,1200.0,1.2000000000000002
Maharashtra, Pune, Pune, Local, Vegetables,1024.2,3000,4400,3700,2024-01-22,20,1400,0.27673601729262365,2583.3333333333335,2000.0,3350.0,0.6818181818181819
Maharashtra, Pune, Pune, Local, Vegetables,1206.1,1400,3200,2300,2025-07-11,556,1800,0.5241634072142546,2536.6666666666665,3700.0,3750.0,-0.3783783783783784
